audit cls=0 L1: V.Mockery Heal.Word
audit cls=0 L2: V.Mockery Heal.Word
audit cls=0 L3: V.Mockery Heal.Word
audit cls=1 L1: Hide
audit cls=1 L2: Hide
audit cls=1 L3: Hide
audit cls=2 L1: Mark
audit cls=2 L2: Mark
audit cls=2 L3: Mark
audit cls=3 L1: Fire Bolt M.Missile Sleep
audit cls=3 L2: Fire Bolt M.Missile Sleep
audit cls=3 L3: Fire Bolt M.Missile Sleep
audit cls=4 L1: 2ndWind
audit cls=4 L2: 2ndWind ActSurge
audit cls=4 L3: 2ndWind ActSurge
audit cls=5 L1: S.Flame Guid.Bolt Cure Wnds Bless
audit cls=5 L2: S.Flame Guid.Bolt Cure Wnds Bless
audit cls=5 L3: S.Flame Guid.Bolt Cure Wnds Bless
audit cls=6 L1: Rage
audit cls=6 L2: Rage
audit cls=6 L3: Rage
audit cls=7 L1: P.Flame Psn.Spray Cure Wnds Heal.Word
audit cls=7 L2: P.Flame Psn.Spray Cure Wnds Heal.Word WildShape
audit cls=7 L3: P.Flame Psn.Spray Cure Wnds Heal.Word WildShape
audit cls=8 L1: Flurry PatDef
audit cls=8 L2: Flurry PatDef
audit cls=8 L3: Flurry PatDef
audit cls=9 L1: Cure Wnds Bless LayHands
audit cls=9 L2: Cure Wnds Bless LayHands Smite
audit cls=9 L3: Cure Wnds Bless LayHands Smite
audit cls=10 L1: Fire Bolt RayFrost M.Missile Sleep
audit cls=10 L2: Fire Bolt RayFrost M.Missile Sleep
audit cls=10 L3: Fire Bolt RayFrost M.Missile Sleep
audit cls=11 L1: Eld.Blast Burn.Hands
audit cls=11 L2: Eld.Blast Burn.Hands
audit cls=11 L3: Eld.Blast Burn.Hands
sheet cls=0: Vicious Mockery Healing Word
sheet cls=1:
sheet cls=2: Hunter's Mark
sheet cls=3: Fire Bolt Magic Missile Sleep
sheet cls=4:
sheet cls=5: Sacred Flame Guiding Bolt Cure Wounds
sheet cls=6:
sheet cls=7: Produce Flame Poison Spray Cure Wounds
sheet cls=8:
sheet cls=9: Cure Wounds Bless
sheet cls=10: Fire Bolt Ray Of Frost Magic Missile
sheet cls=11: Eldritch Blast Burning Hands
