audit cls=0 L1: Attack=0 V.Mockery=100 Item=1 Dodge=2 Heal.Word=101 Tactics=9 End Turn=7
audit cls=0 L2: Attack=0 V.Mockery=100 Item=1 Dodge=2 Heal.Word=101 Tactics=9 End Turn=7
audit cls=0 L3: Attack=0 V.Mockery=100 Item=1 Dodge=2 Heal.Word=101 Tactics=9 End Turn=7
audit cls=1 L1: Attack=0 Item=1 Dodge=2 Hide=5 Tactics=9 End Turn=7
audit cls=1 L2: Attack=0 Item=1 Dodge=2 Hide=5 Tactics=9 End Turn=7
audit cls=1 L3: Attack=0 Item=1 Dodge=2 Hide=5 Tactics=9 End Turn=7
audit cls=2 L1: Attack=0 Item=1 Dodge=2 Tactics=9 End Turn=7
audit cls=2 L2: Attack=0 Item=1 Dodge=2 Hunt.Mark=6 Tactics=9 End Turn=7
audit cls=2 L3: Attack=0 Item=1 Dodge=2 Hunt.Mark=6 Tactics=9 End Turn=7
audit cls=3 L1: Attack=0 Fire Bolt=102 M.Missile=103 Sleep=104 Item=1 Dodge=2 Tactics=9 End Turn=7
audit cls=3 L2: Attack=0 Fire Bolt=102 M.Missile=103 Sleep=104 Item=1 Dodge=2 Tactics=9 End Turn=7
audit cls=3 L3: Attack=0 Fire Bolt=102 M.Missile=103 Sleep=104 Item=1 Dodge=2 Tactics=9 End Turn=7
audit cls=4 L1: Attack=0 Item=1 Dodge=2 2nd Wind=4 Tactics=9 End Turn=7
audit cls=4 L2: Attack=0 Item=1 Dodge=2 2nd Wind=4 ActSurge=26 Tactics=9 End Turn=7
audit cls=4 L3: Attack=0 Item=1 Dodge=2 2nd Wind=4 ActSurge=26 Tactics=9 End Turn=7
audit cls=5 L1: Attack=0 S.Flame=117 Guid.Bolt=106 Cure Wnds=105 Bless=107 Item=1 Dodge=2 Tactics=9 End Turn=7
audit cls=5 L2: Attack=0 S.Flame=117 Guid.Bolt=106 Cure Wnds=105 Bless=107 Item=1 Dodge=2 Tactics=9 End Turn=7
audit cls=5 L3: Attack=0 S.Flame=117 Guid.Bolt=106 Cure Wnds=105 Bless=107 Item=1 Dodge=2 Tactics=9 End Turn=7
audit cls=6 L1: Attack=0 Item=1 Dodge=2 RAGE!=20 Tactics=9 End Turn=7
audit cls=6 L2: Attack=0 Item=1 Dodge=2 RAGE!=20 Tactics=9 End Turn=7
audit cls=6 L3: Attack=0 Item=1 Dodge=2 RAGE!=20 Tactics=9 End Turn=7
audit cls=7 L1: Attack=0 P.Flame=114 Psn.Spray=113 Cure Wnds=105 Item=1 Dodge=2 Heal.Word=101 Tactics=9 End Turn=7
audit cls=7 L2: Attack=0 WildShape=25 P.Flame=114 Psn.Spray=113 Cure Wnds=105 Item=1 Dodge=2 Heal.Word=101 Tactics=9 End Turn=7
audit cls=7 L3: Attack=0 WildShape=25 P.Flame=114 Psn.Spray=113 Cure Wnds=105 Item=1 Dodge=2 Heal.Word=101 Tactics=9 End Turn=7
audit cls=8 L1: Attack=0 Item=1 Dodge=2 Tactics=9 End Turn=7
audit cls=8 L2: Attack=0 Item=1 Dodge=2 Pat.Def=23 Tactics=9 End Turn=7
audit cls=8 L3: Attack=0 Item=1 Dodge=2 Pat.Def=23 Tactics=9 End Turn=7
audit cls=9 L1: Attack=0 Lay Hands=22 Item=1 Dodge=2 Tactics=9 End Turn=7
audit cls=9 L2: Attack=0 Cure Wnds=105 Bless=107 Lay Hands=22 Smite=24 Item=1 Dodge=2 Tactics=9 End Turn=7
audit cls=9 L3: Attack=0 Cure Wnds=105 Bless=107 Lay Hands=22 Smite=24 Item=1 Dodge=2 Tactics=9 End Turn=7
audit cls=10 L1: Attack=0 Fire Bolt=102 RayFrost=115 M.Missile=103 Sleep=104 Item=1 Dodge=2 Tactics=9 End Turn=7
audit cls=10 L2: Attack=0 Fire Bolt=102 RayFrost=115 M.Missile=103 Sleep=104 Item=1 Dodge=2 Tactics=9 End Turn=7
audit cls=10 L3: Attack=0 Fire Bolt=102 RayFrost=115 M.Missile=103 Sleep=104 Item=1 Dodge=2 Tactics=9 End Turn=7
audit cls=11 L1: Attack=0 Eld.Blast=111 Burn.Hands=123 Item=1 Dodge=2 Tactics=9 End Turn=7
audit cls=11 L2: Attack=0 Eld.Blast=111 Burn.Hands=123 Item=1 Dodge=2 Tactics=9 End Turn=7
audit cls=11 L3: Attack=0 Eld.Blast=111 Burn.Hands=123 Item=1 Dodge=2 Tactics=9 End Turn=7
sheet cls=0: Vicious Mockery Healing Word
sheet cls=1:
sheet cls=2: Hunter's Mark
sheet cls=3: Fire Bolt Magic Missile Sleep
sheet cls=4:
sheet cls=5: Sacred Flame Guiding Bolt Cure Wounds
sheet cls=6:
sheet cls=7: Produce Flame Poison Spray Cure Wounds
sheet cls=8:
sheet cls=9: Cure Wounds Bless
sheet cls=10: Fire Bolt Ray Of Frost Magic Missile
sheet cls=11: Eldritch Blast Burning Hands
